﻿
> studentsresearchlab@0.0.0 build
> vite build

[36mvite v7.3.1 [32mbuilding client environment for production...[36m[39m
transforming...
[32mΓ£ô[39m 108 modules transformed.
node.exe : [31mΓ£ù[39m 
Build failed in 1.79s
At line:1 char:1
+ & "C:\Program 
Files\nodejs/node.exe" "C:\
Users\chris\AppData\Roaming
\ ...
+ ~~~~~~~~~~~~~~~~~~~~~~~~~
~~~~~~~~~~~~~~~~~~~~~~~~~~~
~~~~~~~~~~~~~~~~~
    + CategoryInfo         
     : NotSpecified: ([3  
  1mΓ£ù[39m Build faile   
 d in 1.79s:String) [],    
 RemoteException
    + FullyQualifiedErrorI 
   d : NativeCommandError
 
[31merror during build:
[31m[vite]: Rollup failed 
to resolve import "/SRL 
Logo.svg" from "D:/SRL/src/
components/Navbar.jsx".
This is most likely 
unintended because it can 
break your application at 
runtime.
If you do want to 
externalize this module 
explicitly add it to
`build.rollupOptions.extern
al`[31m
    at viteLog (file:///D:/
SRL/node_modules/vite/dist/
node/chunks/config.js:33635
:57)
    at file:///D:/SRL/node_
modules/vite/dist/node/chun
ks/config.js:33669:73
    at onwarn (file:///D:/S
RL/node_modules/@vitejs/plu
gin-react/dist/index.js:76:
7)
    at file:///D:/SRL/node_
modules/vite/dist/node/chun
ks/config.js:33669:28
    at onRollupLog (file://
/D:/SRL/node_modules/vite/d
ist/node/chunks/config.js:3
3664:63)
    at onLog (file:///D:/SR
L/node_modules/vite/dist/no
de/chunks/config.js:33467:4
)
    at file:///D:/SRL/node_
modules/rollup/dist/es/shar
ed/node-entry.js:20981:32
    at Object.logger [as 
onLog] (file:///D:/SRL/node
_modules/rollup/dist/es/sha
red/node-entry.js:22968:9)
    at ModuleLoader.handleI
nvalidResolvedId (file:///D
:/SRL/node_modules/rollup/d
ist/es/shared/node-entry.js
:21712:26)
    at file:///D:/SRL/node_
modules/rollup/dist/es/shar
ed/node-entry.js:21670:26[
39m
